[Phase 1] Loaded 4424 rows x 38 columns
[Phase 1] Encoded feature matrix: train=(3318, 253), test=(1106, 253)
[Phase 1] Train dropout rate: 0.321 | Test dropout rate: 0.321
[Phase 1] EDA & preprocessing complete
--- phase1_preprocessing rc=0 3.6s ---
[Phase 2] Train: (3318, 253)  Test: (1106, 253)
[Phase 2] Training Random Forest ...
[Phase 2] Training XGBoost ...
[Phase 2] Training MLP ...
[Phase 2] Baseline results:
  RandomForest     Acc=0.878  F1=0.791  AUC=0.934
  XGBoost          Acc=0.879  F1=0.807  AUC=0.929
  MLP              Acc=0.854  F1=0.770  AUC=0.906
--- phase2_baselines rc=0 11.7s ---
[Phase 3] Minority training set: (1066, 253)
[Phase 3] VAE final loss=23486.3  KL=8036.9
[Phase 3] Augmented training set: (4504, 253) (added 1186 synthetic dropouts)
[Phase 3] Training classifiers on VAE-augmented data ...
  RandomForest     Acc=0.884  F1=0.809  AUC=0.936
  XGBoost          Acc=0.877  F1=0.798  AUC=0.929
  MLP              Acc=0.856  F1=0.776  AUC=0.906
[Phase 3] done
--- phase3_vae rc=0 35.3s ---
[Phase 4] Training diffusion on minority: (1066, 253)
[Phase 4] final eps-MSE = 0.1723
[Phase 4] Augmented training set: (4504, 253)
[Phase 4] Training classifiers on diffusion-augmented data ...
  RandomForest     Acc=0.882  F1=0.800  AUC=0.935
  XGBoost          Acc=0.879  F1=0.802  AUC=0.929
  MLP              Acc=0.857  F1=0.776  AUC=0.906
[Phase 4] utility scores: {'mean_abs_diff_means': 0.07080381363630295, 'mean_abs_diff_stds': 0.2946377992630005} {'mean_abs_diff_means': 0.1506165862083435, 'mean_abs_diff_stds': 0.16001586616039276}
[Phase 4] done
--- phase4_diffusion rc=0 24.4s ---
[Phase 5] running UNCERTAINTY sampling ...
[Phase 5] running RANDOM sampling baseline ...
[Phase 5] uncertainty final F1 = 0.823  vs random final F1 = 0.765
--- phase5_uncertainty_AL rc=0 27.7s ---
[Phase 6] ep 1  eps=0.42  final F1=0.709
[Phase 6] ep 2  eps=0.33  final F1=0.783
[Phase 6] ep 3  eps=0.25  final F1=0.779
[Phase 6] ep 4  eps=0.17  final F1=0.766
[Phase 6] ep 5  eps=0.08  final F1=0.777
[Phase 6] ep 6  eps=0.05  final F1=0.769
[Phase 6] greedy eval final F1 = 0.742
[Phase 6] done
--- phase6_rl_AL rc=0 90.7s ---
[Phase 7] auditing augmentation: baseline
  RandomForest  DPD=0.153  EOD=0.046  EqOdds=0.096  F1=0.791
  XGBoost       DPD=0.171  EOD=0.052  EqOdds=0.117  F1=0.807
  MLP           DPD=0.136  EOD=0.054  EqOdds=0.076  F1=0.770
[Phase 7] auditing augmentation: vae_aug
  RandomForest  DPD=0.184  EOD=0.014  EqOdds=0.104  F1=0.809
  XGBoost       DPD=0.142  EOD=0.094  EqOdds=0.100  F1=0.798
  MLP           DPD=0.193  EOD=0.002  EqOdds=0.135  F1=0.776
[Phase 7] auditing augmentation: diffusion_aug
  RandomForest  DPD=0.170  EOD=0.006  EqOdds=0.096  F1=0.800
  XGBoost       DPD=0.148  EOD=0.065  EqOdds=0.092  F1=0.802
  MLP           DPD=0.171  EOD=0.008  EqOdds=0.105  F1=0.776
[Phase 7] done
--- phase7_fairness_posthoc rc=0 22.5s ---
[Phase 8] training fair-MLP with lambda = 0.0
  ACC=0.854  F1=0.770  DPD=0.136  EOD=0.054
[Phase 8] training fair-MLP with lambda = 0.1
  ACC=0.857  F1=0.773  DPD=0.140  EOD=0.054
[Phase 8] training fair-MLP with lambda = 0.5
  ACC=0.857  F1=0.776  DPD=0.090  EOD=0.127
[Phase 8] training fair-MLP with lambda = 1.0
  ACC=0.826  F1=0.729  DPD=0.003  EOD=0.232
[Phase 8] training fair-MLP with lambda = 2.0
  ACC=0.823  F1=0.732  DPD=0.044  EOD=0.252
[Phase 8] training fair-MLP with lambda = 5.0
  ACC=0.855  F1=0.761  DPD=0.019  EOD=0.261
[Phase 8] training fair-MLP with lambda = 10.0
  ACC=0.880  F1=0.798  DPD=0.035  EOD=0.225
[Phase 8] done
--- phase8_fairness_inprocess rc=0 36.0s ---
Warning: You are sending unauthenticated requests to the HF Hub. Please set a HF_TOKEN to enable higher rate limits and faster downloads.
[Phase 9] generating synthetic comments ...
[Phase 9] encoding train comments with DistilBERT ...
Loading weights:   0%|          | 0/100 [00:00<?, ?it/s]Loading weights: 100%|██████████| 100/100 [00:00<00:00, 9557.49it/s]
[transformers] [1mDistilBertModel LOAD REPORT[0m from: distilbert-base-uncased
Key                     | Status     |  | 
------------------------+------------+--+-
vocab_layer_norm.bias   | UNEXPECTED |  | 
vocab_projector.bias    | UNEXPECTED |  | 
vocab_transform.weight  | UNEXPECTED |  | 
vocab_layer_norm.weight | UNEXPECTED |  | 
vocab_transform.bias    | UNEXPECTED |  | 

Notes:
- UNEXPECTED:	can be ignored when loading from different task/architecture; not ok if you expect identical arch.
  encoded 32/3318
  encoded 672/3318
  encoded 1312/3318
  encoded 1952/3318
  encoded 2592/3318
  encoded 3232/3318
[Phase 9] encoding test comments with DistilBERT ...
Loading weights:   0%|          | 0/100 [00:00<?, ?it/s]Loading weights: 100%|██████████| 100/100 [00:00<00:00, 7383.95it/s]
[transformers] [1mDistilBertModel LOAD REPORT[0m from: distilbert-base-uncased
Key                     | Status     |  | 
------------------------+------------+--+-
vocab_layer_norm.bias   | UNEXPECTED |  | 
vocab_projector.bias    | UNEXPECTED |  | 
vocab_transform.weight  | UNEXPECTED |  | 
vocab_layer_norm.weight | UNEXPECTED |  | 
vocab_transform.bias    | UNEXPECTED |  | 

Notes:
- UNEXPECTED:	can be ignored when loading from different task/architecture; not ok if you expect identical arch.
  encoded 32/1106
  encoded 672/1106
[Phase 9] multimodal shapes: tr=(3318, 285)  te=(1106, 285)
[Phase 9] training classifiers on multimodal features ...
  RandomForest     Acc=0.914  F1=0.861  AUC=0.964
  XGBoost          Acc=0.911  F1=0.865  AUC=0.966
  MLP              Acc=0.907  F1=0.858  AUC=0.957
[Phase 9] done
--- phase9_multimodal_bert rc=0 34.2s ---
[Phase 10] master_comparison.csv shape=(31, 17)
[Phase 10] experiment_summary.md written
--- phase10_master_comparison rc=0 2.8s ---
[Phase 3b] SMOTE augmented training set: (4504, 253) (added 1186 synthetic dropouts)
[Phase 3b] training classifiers on SMOTE-augmented data ...
  RandomForest     Acc=0.882  F1=0.809  AUC=0.936
  XGBoost          Acc=0.878  F1=0.802  AUC=0.928
  MLP              Acc=0.870  F1=0.794  AUC=0.913
[Phase 3b] done
--- phase3b_smote rc=0 14.5s ---
