[Phase 1] Loaded 4424 rows x 38 columns
[Phase 1] Encoded feature matrix: train=(3318, 246), test=(1106, 246)
[Phase 1] Train dropout rate: 0.321 | Test dropout rate: 0.321
[Phase 1] EDA & preprocessing complete
--- phase1_preprocessing rc=0 3.7s ---
[Phase 2] Train: (3318, 246)  Test: (1106, 246)
[Phase 2] Training Random Forest ...
[Phase 2] Training XGBoost ...
[Phase 2] Training MLP ...
[Phase 2] Baseline results:
  RandomForest     Acc=0.866  F1=0.769  AUC=0.915
  XGBoost          Acc=0.871  F1=0.791  AUC=0.917
  MLP              Acc=0.846  F1=0.757  AUC=0.888
--- phase2_baselines rc=0 12.3s ---
[Phase 3] Minority training set: (1066, 246)
[Phase 3] VAE final loss=23298.0  KL=8004.1
[Phase 3] Augmented training set: (4504, 246) (added 1186 synthetic dropouts)
[Phase 3] Training classifiers on VAE-augmented data ...
  RandomForest     Acc=0.863  F1=0.770  AUC=0.915
  XGBoost          Acc=0.871  F1=0.786  AUC=0.922
  MLP              Acc=0.846  F1=0.755  AUC=0.896
[Phase 3] done
--- phase3_vae rc=0 37.8s ---
[Phase 4] Training diffusion on minority: (1066, 246)
[Phase 4] final eps-MSE = 0.1741
[Phase 4] Augmented training set: (4504, 246)
[Phase 4] Training classifiers on diffusion-augmented data ...
  RandomForest     Acc=0.866  F1=0.774  AUC=0.908
  XGBoost          Acc=0.868  F1=0.779  AUC=0.920
  MLP              Acc=0.848  F1=0.749  AUC=0.900
[Phase 4] utility scores: {'mean_abs_diff_means': 0.05632970109581947, 'mean_abs_diff_stds': 0.27712106704711914} {'mean_abs_diff_means': 0.25955238938331604, 'mean_abs_diff_stds': 0.135543555021286}
[Phase 4] done
--- phase4_diffusion rc=0 27.6s ---
[Phase 5] running UNCERTAINTY sampling ...
[Phase 5] running RANDOM sampling baseline ...
[Phase 5] uncertainty final F1 = 0.798  vs random final F1 = 0.737
--- phase5_uncertainty_AL rc=0 28.7s ---
[Phase 6] ep 1  eps=0.42  final F1=0.716
[Phase 6] ep 2  eps=0.33  final F1=0.737
[Phase 6] ep 3  eps=0.25  final F1=0.768
[Phase 6] ep 4  eps=0.17  final F1=0.734
[Phase 6] ep 5  eps=0.08  final F1=0.759
[Phase 6] ep 6  eps=0.05  final F1=0.705
[Phase 6] greedy eval final F1 = 0.745
[Phase 6] done
--- phase6_rl_AL rc=0 93.9s ---
[Phase 7] auditing augmentation: baseline
  RandomForest  DPD=0.234  EOD=0.127  EqOdds=0.127  F1=0.769
  XGBoost       DPD=0.279  EOD=0.131  EqOdds=0.133  F1=0.791
  MLP           DPD=0.235  EOD=0.086  EqOdds=0.102  F1=0.757
[Phase 7] auditing augmentation: vae_aug
  RandomForest  DPD=0.247  EOD=0.110  EqOdds=0.110  F1=0.770
  XGBoost       DPD=0.258  EOD=0.120  EqOdds=0.120  F1=0.786
  MLP           DPD=0.215  EOD=0.058  EqOdds=0.087  F1=0.755
[Phase 7] auditing augmentation: diffusion_aug
  RandomForest  DPD=0.239  EOD=0.098  EqOdds=0.098  F1=0.774
  XGBoost       DPD=0.260  EOD=0.126  EqOdds=0.126  F1=0.779
  MLP           DPD=0.239  EOD=0.104  EqOdds=0.106  F1=0.749
[Phase 7] done
--- phase7_fairness_posthoc rc=0 23.8s ---
[Phase 8] training fair-MLP with lambda = 0.0
  ACC=0.846  F1=0.757  DPD=0.235  EOD=0.086
[Phase 8] training fair-MLP with lambda = 0.1
  ACC=0.844  F1=0.746  DPD=0.225  EOD=0.059
[Phase 8] training fair-MLP with lambda = 0.5
  ACC=0.842  F1=0.751  DPD=0.203  EOD=0.024
[Phase 8] training fair-MLP with lambda = 1.0
  ACC=0.816  F1=0.722  DPD=0.116  EOD=0.043
[Phase 8] training fair-MLP with lambda = 2.0
  ACC=0.816  F1=0.722  DPD=0.043  EOD=0.150
[Phase 8] training fair-MLP with lambda = 5.0
  ACC=0.825  F1=0.734  DPD=0.065  EOD=0.100
[Phase 8] training fair-MLP with lambda = 10.0
  ACC=0.837  F1=0.730  DPD=0.079  EOD=0.115
[Phase 8] done
--- phase8_fairness_inprocess rc=0 37.2s ---
[Phase 9] generating synthetic comments ...
[Phase 9] encoding train comments with DistilBERT ...
Loading weights:   0%|          | 0/100 [00:00<?, ?it/s]Loading weights: 100%|██████████| 100/100 [00:00<00:00, 9698.26it/s]
[transformers] [1mDistilBertModel LOAD REPORT[0m from: distilbert-base-uncased
Key                     | Status     |  | 
------------------------+------------+--+-
vocab_layer_norm.weight | UNEXPECTED |  | 
vocab_layer_norm.bias   | UNEXPECTED |  | 
vocab_transform.bias    | UNEXPECTED |  | 
vocab_transform.weight  | UNEXPECTED |  | 
vocab_projector.bias    | UNEXPECTED |  | 

Notes:
- UNEXPECTED:	can be ignored when loading from different task/architecture; not ok if you expect identical arch.
Warning: You are sending unauthenticated requests to the HF Hub. Please set a HF_TOKEN to enable higher rate limits and faster downloads.
  encoded 32/3318
  encoded 672/3318
  encoded 1312/3318
  encoded 1952/3318
  encoded 2592/3318
  encoded 3232/3318
[Phase 9] encoding test comments with DistilBERT ...
Loading weights:   0%|          | 0/100 [00:00<?, ?it/s]Loading weights: 100%|██████████| 100/100 [00:00<00:00, 7313.01it/s]
[transformers] [1mDistilBertModel LOAD REPORT[0m from: distilbert-base-uncased
Key                     | Status     |  | 
------------------------+------------+--+-
vocab_layer_norm.weight | UNEXPECTED |  | 
vocab_layer_norm.bias   | UNEXPECTED |  | 
vocab_transform.bias    | UNEXPECTED |  | 
vocab_transform.weight  | UNEXPECTED |  | 
vocab_projector.bias    | UNEXPECTED |  | 

Notes:
- UNEXPECTED:	can be ignored when loading from different task/architecture; not ok if you expect identical arch.
  encoded 32/1106
  encoded 672/1106
[Phase 9] multimodal shapes: tr=(3318, 278)  te=(1106, 278)
[Phase 9] training classifiers on multimodal features ...
  RandomForest     Acc=0.896  F1=0.829  AUC=0.952
  XGBoost          Acc=0.903  F1=0.849  AUC=0.956
  MLP              Acc=0.886  F1=0.825  AUC=0.953
[Phase 9] done
--- phase9_multimodal_bert rc=0 33.8s ---
[Phase 10] master_comparison.csv shape=(31, 17)
[Phase 10] experiment_summary.md written
--- phase10_master_comparison rc=0 2.8s ---
[Phase 3b] SMOTE augmented training set: (4504, 246) (added 1186 synthetic dropouts)
[Phase 3b] training classifiers on SMOTE-augmented data ...
  RandomForest     Acc=0.873  F1=0.794  AUC=0.915
  XGBoost          Acc=0.866  F1=0.782  AUC=0.921
  MLP              Acc=0.846  F1=0.745  AUC=0.894
[Phase 3b] done
--- phase3b_smote rc=0 14.3s ---
