[OULAD] n=32593  encoded train=(24444, 49) test=(8149, 49)
[OULAD] dropout rate train=0.312 test=0.312  | male-rate train=0.550
[OULAD] dropout by gender: F=0.305  M=0.317
--- prep_oulad rc=0 2.4s ---
[Phase 2] Train: (24444, 49)  Test: (8149, 49)
[Phase 2] Training Random Forest ...
[Phase 2] Training XGBoost ...
[Phase 2] Training MLP ...
[Phase 2] Baseline results:
  RandomForest     Acc=0.652  F1=0.346  AUC=0.602
  XGBoost          Acc=0.625  F1=0.492  AUC=0.660
  MLP              Acc=0.572  F1=0.482  AUC=0.634
--- phase2_baselines rc=0 32.2s ---
[Phase 3] Minority training set: (7617, 49)
[Phase 3] VAE final loss=87755.8  KL=24977.7
[Phase 3] Augmented training set: (33654, 49) (added 9210 synthetic dropouts)
[Phase 3] Training classifiers on VAE-augmented data ...
  RandomForest     Acc=0.666  F1=0.372  AUC=0.607
  XGBoost          Acc=0.698  F1=0.320  AUC=0.663
  MLP              Acc=0.667  F1=0.427  AUC=0.640
[Phase 3] done
--- phase3_vae rc=0 133.9s ---
[Phase 4] Training diffusion on minority: (7617, 49)
[Phase 4] final eps-MSE = 0.1394
[Phase 4] Augmented training set: (33654, 49)
[Phase 4] Training classifiers on diffusion-augmented data ...
  RandomForest     Acc=0.665  F1=0.365  AUC=0.604
  XGBoost          Acc=0.704  F1=0.325  AUC=0.662
  MLP              Acc=0.669  F1=0.382  AUC=0.634
[Phase 4] utility scores: {'mean_abs_diff_means': 0.030130665749311447, 'mean_abs_diff_stds': 0.215015709400177} {'mean_abs_diff_means': 0.05981748551130295, 'mean_abs_diff_stds': 0.1052108108997345}
[Phase 4] done
--- phase4_diffusion rc=0 106.7s ---
[Phase 3b] SMOTE augmented training set: (33654, 49) (added 9210 synthetic dropouts)
[Phase 3b] training classifiers on SMOTE-augmented data ...
  RandomForest     Acc=0.636  F1=0.394  AUC=0.599
  XGBoost          Acc=0.638  F1=0.472  AUC=0.654
  MLP              Acc=0.614  F1=0.465  AUC=0.628
[Phase 3b] done
--- phase3b_smote rc=0 39.4s ---
[Phase 5] running UNCERTAINTY sampling ...
[Phase 5] running RANDOM sampling baseline ...
[Phase 5] uncertainty final F1 = 0.439  vs random final F1 = 0.473
--- phase5_uncertainty_AL rc=0 27.2s ---
[Phase 6] ep 1  eps=0.42  final F1=0.413
[Phase 6] ep 2  eps=0.33  final F1=0.467
[Phase 6] ep 3  eps=0.25  final F1=0.477
[Phase 6] ep 4  eps=0.17  final F1=0.458
[Phase 6] ep 5  eps=0.08  final F1=0.438
[Phase 6] ep 6  eps=0.05  final F1=0.478
[Phase 6] greedy eval final F1 = 0.459
[Phase 6] done
--- phase6_rl_AL rc=0 98.3s ---
[Phase 7] auditing augmentation: baseline
  RandomForest  DPD=0.018  EOD=0.015  EqOdds=0.019  F1=0.346
  XGBoost       DPD=0.023  EOD=0.013  EqOdds=0.027  F1=0.492
  MLP           DPD=0.022  EOD=0.010  EqOdds=0.037  F1=0.482
[Phase 7] auditing augmentation: vae_aug
  RandomForest  DPD=0.025  EOD=0.017  EqOdds=0.029  F1=0.372
  XGBoost       DPD=0.022  EOD=0.031  EqOdds=0.031  F1=0.320
  MLP           DPD=0.000  EOD=0.003  EqOdds=0.003  F1=0.427
[Phase 7] auditing augmentation: diffusion_aug
  RandomForest  DPD=0.022  EOD=0.011  EqOdds=0.027  F1=0.365
  XGBoost       DPD=0.026  EOD=0.044  EqOdds=0.044  F1=0.325
  MLP           DPD=0.013  EOD=0.011  EqOdds=0.013  F1=0.382
[Phase 7] done
--- phase7_fairness_posthoc rc=0 91.9s ---
[Phase 8] training fair-MLP with lambda = 0.0
  ACC=0.572  F1=0.482  DPD=0.022  EOD=0.010
[Phase 8] training fair-MLP with lambda = 0.1
  ACC=0.573  F1=0.485  DPD=0.027  EOD=0.002
[Phase 8] training fair-MLP with lambda = 0.5
  ACC=0.586  F1=0.480  DPD=0.014  EOD=0.011
[Phase 8] training fair-MLP with lambda = 1.0
  ACC=0.592  F1=0.488  DPD=0.004  EOD=0.035
[Phase 8] training fair-MLP with lambda = 2.0
  ACC=0.617  F1=0.490  DPD=0.004  EOD=0.011
[Phase 8] training fair-MLP with lambda = 5.0
  ACC=0.646  F1=0.496  DPD=0.023  EOD=0.051
[Phase 8] training fair-MLP with lambda = 10.0
  ACC=0.688  F1=0.000  DPD=0.000  EOD=0.000
[Phase 8] done
--- phase8_fairness_inprocess rc=0 195.4s ---
