[Phase 1] Loaded 4424 rows x 38 columns
[Phase 1] Encoded feature matrix: train=(3318, 247), test=(1106, 247)
[Phase 1] Train dropout rate: 0.321 | Test dropout rate: 0.321
[Phase 1] EDA & preprocessing complete
--- phase1_preprocessing rc=0 3.7s ---
[Phase 2] Train: (3318, 247)  Test: (1106, 247)
[Phase 2] Training Random Forest ...
[Phase 2] Training XGBoost ...
[Phase 2] Training MLP ...
[Phase 2] Baseline results:
  RandomForest     Acc=0.880  F1=0.792  AUC=0.932
  XGBoost          Acc=0.881  F1=0.812  AUC=0.932
  MLP              Acc=0.870  F1=0.794  AUC=0.917
--- phase2_baselines rc=0 12.4s ---
[Phase 3] Minority training set: (1066, 247)
[Phase 3] VAE final loss=23299.2  KL=8049.2
[Phase 3] Augmented training set: (4504, 247) (added 1186 synthetic dropouts)
[Phase 3] Training classifiers on VAE-augmented data ...
  RandomForest     Acc=0.880  F1=0.799  AUC=0.930
  XGBoost          Acc=0.888  F1=0.815  AUC=0.931
  MLP              Acc=0.870  F1=0.789  AUC=0.917
[Phase 3] done
--- phase3_vae rc=0 37.3s ---
[Phase 4] Training diffusion on minority: (1066, 247)
[Phase 4] final eps-MSE = 0.1666
[Phase 4] Augmented training set: (4504, 247)
[Phase 4] Training classifiers on diffusion-augmented data ...
  RandomForest     Acc=0.876  F1=0.791  AUC=0.931
  XGBoost          Acc=0.877  F1=0.799  AUC=0.927
  MLP              Acc=0.865  F1=0.779  AUC=0.917
[Phase 4] utility scores: {'mean_abs_diff_means': 0.041545331478118896, 'mean_abs_diff_stds': 0.26144370436668396} {'mean_abs_diff_means': 0.23874282836914062, 'mean_abs_diff_stds': 0.12689313292503357}
[Phase 4] done
--- phase4_diffusion rc=0 26.3s ---
[Phase 5] running UNCERTAINTY sampling ...
[Phase 5] running RANDOM sampling baseline ...
[Phase 5] uncertainty final F1 = 0.821  vs random final F1 = 0.786
--- phase5_uncertainty_AL rc=0 28.4s ---
[Phase 6] ep 1  eps=0.42  final F1=0.786
[Phase 6] ep 2  eps=0.33  final F1=0.786
[Phase 6] ep 3  eps=0.25  final F1=0.773
[Phase 6] ep 4  eps=0.17  final F1=0.786
[Phase 6] ep 5  eps=0.08  final F1=0.711
[Phase 6] ep 6  eps=0.05  final F1=0.779
[Phase 6] greedy eval final F1 = 0.795
[Phase 6] done
--- phase6_rl_AL rc=0 94.4s ---
[Phase 7] auditing augmentation: baseline
  RandomForest  DPD=0.221  EOD=0.106  EqOdds=0.106  F1=0.792
  XGBoost       DPD=0.209  EOD=0.009  EqOdds=0.092  F1=0.812
  MLP           DPD=0.207  EOD=0.032  EqOdds=0.084  F1=0.794
[Phase 7] auditing augmentation: vae_aug
  RandomForest  DPD=0.230  EOD=0.100  EqOdds=0.100  F1=0.799
  XGBoost       DPD=0.211  EOD=0.043  EqOdds=0.077  F1=0.815
  MLP           DPD=0.220  EOD=0.049  EqOdds=0.101  F1=0.789
[Phase 7] auditing augmentation: diffusion_aug
  RandomForest  DPD=0.227  EOD=0.095  EqOdds=0.095  F1=0.791
  XGBoost       DPD=0.218  EOD=0.049  EqOdds=0.093  F1=0.799
  MLP           DPD=0.193  EOD=0.066  EqOdds=0.066  F1=0.779
[Phase 7] done
--- phase7_fairness_posthoc rc=0 23.9s ---
[Phase 8] training fair-MLP with lambda = 0.0
  ACC=0.870  F1=0.794  DPD=0.207  EOD=0.032
[Phase 8] training fair-MLP with lambda = 0.1
  ACC=0.865  F1=0.790  DPD=0.210  EOD=0.043
[Phase 8] training fair-MLP with lambda = 0.5
  ACC=0.857  F1=0.775  DPD=0.149  EOD=0.013
[Phase 8] training fair-MLP with lambda = 1.0
  ACC=0.839  F1=0.751  DPD=0.057  EOD=0.103
[Phase 8] training fair-MLP with lambda = 2.0
  ACC=0.854  F1=0.776  DPD=0.085  EOD=0.070
[Phase 8] training fair-MLP with lambda = 5.0
  ACC=0.859  F1=0.778  DPD=0.067  EOD=0.137
[Phase 8] training fair-MLP with lambda = 10.0
  ACC=0.859  F1=0.775  DPD=0.096  EOD=0.092
[Phase 8] done
--- phase8_fairness_inprocess rc=0 39.9s ---
Warning: You are sending unauthenticated requests to the HF Hub. Please set a HF_TOKEN to enable higher rate limits and faster downloads.
[Phase 9] generating synthetic comments ...
[Phase 9] encoding train comments with DistilBERT ...
Loading weights:   0%|          | 0/100 [00:00<?, ?it/s]Loading weights: 100%|██████████| 100/100 [00:00<00:00, 42461.06it/s]
[transformers] [1mDistilBertModel LOAD REPORT[0m from: distilbert-base-uncased
Key                     | Status     |  | 
------------------------+------------+--+-
vocab_transform.weight  | UNEXPECTED |  | 
vocab_transform.bias    | UNEXPECTED |  | 
vocab_layer_norm.bias   | UNEXPECTED |  | 
vocab_layer_norm.weight | UNEXPECTED |  | 
vocab_projector.bias    | UNEXPECTED |  | 

Notes:
- UNEXPECTED:	can be ignored when loading from different task/architecture; not ok if you expect identical arch.
  encoded 32/3318
  encoded 672/3318
  encoded 1312/3318
  encoded 1952/3318
  encoded 2592/3318
  encoded 3232/3318
[Phase 9] encoding test comments with DistilBERT ...
Loading weights:   0%|          | 0/100 [00:00<?, ?it/s]Loading weights: 100%|██████████| 100/100 [00:00<00:00, 7953.10it/s]
[transformers] [1mDistilBertModel LOAD REPORT[0m from: distilbert-base-uncased
Key                     | Status     |  | 
------------------------+------------+--+-
vocab_transform.weight  | UNEXPECTED |  | 
vocab_transform.bias    | UNEXPECTED |  | 
vocab_layer_norm.bias   | UNEXPECTED |  | 
vocab_layer_norm.weight | UNEXPECTED |  | 
vocab_projector.bias    | UNEXPECTED |  | 

Notes:
- UNEXPECTED:	can be ignored when loading from different task/architecture; not ok if you expect identical arch.
  encoded 32/1106
  encoded 672/1106
[Phase 9] multimodal shapes: tr=(3318, 279)  te=(1106, 279)
[Phase 9] training classifiers on multimodal features ...
  RandomForest     Acc=0.914  F1=0.864  AUC=0.962
  XGBoost          Acc=0.911  F1=0.866  AUC=0.969
  MLP              Acc=0.908  F1=0.857  AUC=0.963
[Phase 9] done
--- phase9_multimodal_bert rc=0 35.8s ---
[Phase 10] master_comparison.csv shape=(31, 17)
[Phase 10] experiment_summary.md written
--- phase10_master_comparison rc=0 2.9s ---
[Phase 3b] SMOTE augmented training set: (4504, 247) (added 1186 synthetic dropouts)
[Phase 3b] training classifiers on SMOTE-augmented data ...
  RandomForest     Acc=0.881  F1=0.808  AUC=0.936
  XGBoost          Acc=0.885  F1=0.814  AUC=0.929
  MLP              Acc=0.861  F1=0.783  AUC=0.919
[Phase 3b] done
--- phase3b_smote rc=0 15.1s ---
