[Phase 1] Loaded 4424 rows x 38 columns
[Phase 1] Encoded feature matrix: train=(3318, 253), test=(1106, 253)
[Phase 1] Train dropout rate: 0.321 | Test dropout rate: 0.321
[Phase 1] EDA & preprocessing complete
--- phase1_preprocessing rc=0 3.6s ---
[Phase 2] Train: (3318, 253)  Test: (1106, 253)
[Phase 2] Training Random Forest ...
[Phase 2] Training XGBoost ...
[Phase 2] Training MLP ...
[Phase 2] Baseline results:
  RandomForest     Acc=0.867  F1=0.764  AUC=0.913
  XGBoost          Acc=0.863  F1=0.776  AUC=0.909
  MLP              Acc=0.854  F1=0.764  AUC=0.888
--- phase2_baselines rc=0 11.7s ---
[Phase 3] Minority training set: (1066, 253)
[Phase 3] VAE final loss=23335.3  KL=8130.4
[Phase 3] Augmented training set: (4504, 253) (added 1186 synthetic dropouts)
[Phase 3] Training classifiers on VAE-augmented data ...
  RandomForest     Acc=0.870  F1=0.776  AUC=0.913
  XGBoost          Acc=0.862  F1=0.767  AUC=0.909
  MLP              Acc=0.847  F1=0.768  AUC=0.895
[Phase 3] done
--- phase3_vae rc=0 34.9s ---
[Phase 4] Training diffusion on minority: (1066, 253)
[Phase 4] final eps-MSE = 0.1775
[Phase 4] Augmented training set: (4504, 253)
[Phase 4] Training classifiers on diffusion-augmented data ...
  RandomForest     Acc=0.866  F1=0.769  AUC=0.908
  XGBoost          Acc=0.863  F1=0.770  AUC=0.910
  MLP              Acc=0.852  F1=0.766  AUC=0.895
[Phase 4] utility scores: {'mean_abs_diff_means': 0.08655088394880295, 'mean_abs_diff_stds': 0.26915380358695984} {'mean_abs_diff_means': 0.1814352571964264, 'mean_abs_diff_stds': 0.08294137567281723}
[Phase 4] done
--- phase4_diffusion rc=0 24.3s ---
[Phase 5] running UNCERTAINTY sampling ...
[Phase 5] running RANDOM sampling baseline ...
[Phase 5] uncertainty final F1 = 0.784  vs random final F1 = 0.777
--- phase5_uncertainty_AL rc=0 27.7s ---
[Phase 6] ep 1  eps=0.42  final F1=0.756
[Phase 6] ep 2  eps=0.33  final F1=0.744
[Phase 6] ep 3  eps=0.25  final F1=0.740
[Phase 6] ep 4  eps=0.17  final F1=0.770
[Phase 6] ep 5  eps=0.08  final F1=0.759
[Phase 6] ep 6  eps=0.05  final F1=0.734
[Phase 6] greedy eval final F1 = 0.734
[Phase 6] done
--- phase6_rl_AL rc=0 90.5s ---
[Phase 7] auditing augmentation: baseline
  RandomForest  DPD=0.178  EOD=0.103  EqOdds=0.103  F1=0.764
  XGBoost       DPD=0.207  EOD=0.102  EqOdds=0.118  F1=0.776
  MLP           DPD=0.253  EOD=0.164  EqOdds=0.164  F1=0.764
[Phase 7] auditing augmentation: vae_aug
  RandomForest  DPD=0.178  EOD=0.100  EqOdds=0.100  F1=0.776
  XGBoost       DPD=0.204  EOD=0.112  EqOdds=0.112  F1=0.767
  MLP           DPD=0.246  EOD=0.130  EqOdds=0.164  F1=0.768
[Phase 7] auditing augmentation: diffusion_aug
  RandomForest  DPD=0.181  EOD=0.081  EqOdds=0.092  F1=0.769
  XGBoost       DPD=0.208  EOD=0.119  EqOdds=0.119  F1=0.770
  MLP           DPD=0.221  EOD=0.111  EqOdds=0.138  F1=0.766
[Phase 7] done
--- phase7_fairness_posthoc rc=0 22.5s ---
[Phase 8] training fair-MLP with lambda = 0.0
  ACC=0.854  F1=0.764  DPD=0.253  EOD=0.164
[Phase 8] training fair-MLP with lambda = 0.1
  ACC=0.846  F1=0.758  DPD=0.223  EOD=0.098
[Phase 8] training fair-MLP with lambda = 0.5
  ACC=0.854  F1=0.765  DPD=0.162  EOD=0.045
[Phase 8] training fair-MLP with lambda = 1.0
  ACC=0.850  F1=0.766  DPD=0.082  EOD=0.041
[Phase 8] training fair-MLP with lambda = 2.0
  ACC=0.826  F1=0.739  DPD=0.023  EOD=0.069
[Phase 8] training fair-MLP with lambda = 5.0
  ACC=0.844  F1=0.755  DPD=0.058  EOD=0.050
[Phase 8] training fair-MLP with lambda = 10.0
  ACC=0.860  F1=0.769  DPD=0.044  EOD=0.101
[Phase 8] done
--- phase8_fairness_inprocess rc=0 36.2s ---
Warning: You are sending unauthenticated requests to the HF Hub. Please set a HF_TOKEN to enable higher rate limits and faster downloads.
[Phase 9] generating synthetic comments ...
[Phase 9] encoding train comments with DistilBERT ...
Loading weights:   0%|          | 0/100 [00:00<?, ?it/s]Loading weights: 100%|██████████| 100/100 [00:00<00:00, 9718.71it/s]
[transformers] [1mDistilBertModel LOAD REPORT[0m from: distilbert-base-uncased
Key                     | Status     |  | 
------------------------+------------+--+-
vocab_projector.bias    | UNEXPECTED |  | 
vocab_layer_norm.bias   | UNEXPECTED |  | 
vocab_transform.bias    | UNEXPECTED |  | 
vocab_layer_norm.weight | UNEXPECTED |  | 
vocab_transform.weight  | UNEXPECTED |  | 

Notes:
- UNEXPECTED:	can be ignored when loading from different task/architecture; not ok if you expect identical arch.
  encoded 32/3318
  encoded 672/3318
  encoded 1312/3318
  encoded 1952/3318
  encoded 2592/3318
  encoded 3232/3318
[Phase 9] encoding test comments with DistilBERT ...
Loading weights:   0%|          | 0/100 [00:00<?, ?it/s]Loading weights: 100%|██████████| 100/100 [00:00<00:00, 9215.21it/s]
[transformers] [1mDistilBertModel LOAD REPORT[0m from: distilbert-base-uncased
Key                     | Status     |  | 
------------------------+------------+--+-
vocab_projector.bias    | UNEXPECTED |  | 
vocab_layer_norm.bias   | UNEXPECTED |  | 
vocab_transform.bias    | UNEXPECTED |  | 
vocab_layer_norm.weight | UNEXPECTED |  | 
vocab_transform.weight  | UNEXPECTED |  | 

Notes:
- UNEXPECTED:	can be ignored when loading from different task/architecture; not ok if you expect identical arch.
  encoded 32/1106
  encoded 672/1106
[Phase 9] multimodal shapes: tr=(3318, 285)  te=(1106, 285)
[Phase 9] training classifiers on multimodal features ...
  RandomForest     Acc=0.912  F1=0.857  AUC=0.956
  XGBoost          Acc=0.907  F1=0.850  AUC=0.962
  MLP              Acc=0.888  F1=0.822  AUC=0.947
[Phase 9] done
--- phase9_multimodal_bert rc=0 33.9s ---
[Phase 10] master_comparison.csv shape=(31, 17)
[Phase 10] experiment_summary.md written
--- phase10_master_comparison rc=0 2.8s ---
[Phase 3b] SMOTE augmented training set: (4504, 253) (added 1186 synthetic dropouts)
[Phase 3b] training classifiers on SMOTE-augmented data ...
  RandomForest     Acc=0.877  F1=0.793  AUC=0.917
  XGBoost          Acc=0.864  F1=0.775  AUC=0.910
  MLP              Acc=0.854  F1=0.769  AUC=0.887
[Phase 3b] done
--- phase3b_smote rc=0 14.3s ---
