[Phase 1] Loaded 4424 rows x 38 columns
[Phase 1] Encoded feature matrix: train=(3318, 249), test=(1106, 249)
[Phase 1] Train dropout rate: 0.321 | Test dropout rate: 0.321
[Phase 1] EDA & preprocessing complete
--- phase1_preprocessing rc=0 3.6s ---
[Phase 2] Train: (3318, 249)  Test: (1106, 249)
[Phase 2] Training Random Forest ...
[Phase 2] Training XGBoost ...
[Phase 2] Training MLP ...
[Phase 2] Baseline results:
  RandomForest     Acc=0.885  F1=0.801  AUC=0.936
  XGBoost          Acc=0.888  F1=0.819  AUC=0.932
  MLP              Acc=0.863  F1=0.788  AUC=0.915
--- phase2_baselines rc=0 11.7s ---
[Phase 3] Minority training set: (1066, 249)
[Phase 3] VAE final loss=23518.0  KL=8146.0
[Phase 3] Augmented training set: (4504, 249) (added 1186 synthetic dropouts)
[Phase 3] Training classifiers on VAE-augmented data ...
  RandomForest     Acc=0.890  F1=0.813  AUC=0.938
  XGBoost          Acc=0.884  F1=0.810  AUC=0.939
  MLP              Acc=0.869  F1=0.784  AUC=0.919
[Phase 3] done
--- phase3_vae rc=0 34.9s ---
[Phase 4] Training diffusion on minority: (1066, 249)
[Phase 4] final eps-MSE = 0.1763
[Phase 4] Augmented training set: (4504, 249)
[Phase 4] Training classifiers on diffusion-augmented data ...
  RandomForest     Acc=0.891  F1=0.815  AUC=0.935
  XGBoost          Acc=0.891  F1=0.820  AUC=0.940
  MLP              Acc=0.860  F1=0.773  AUC=0.908
[Phase 4] utility scores: {'mean_abs_diff_means': 0.07971770316362381, 'mean_abs_diff_stds': 0.27696484327316284} {'mean_abs_diff_means': 0.18252114951610565, 'mean_abs_diff_stds': 0.12643016874790192}
[Phase 4] done
--- phase4_diffusion rc=0 24.5s ---
[Phase 5] running UNCERTAINTY sampling ...
[Phase 5] running RANDOM sampling baseline ...
[Phase 5] uncertainty final F1 = 0.799  vs random final F1 = 0.793
--- phase5_uncertainty_AL rc=0 27.4s ---
[Phase 6] ep 1  eps=0.42  final F1=0.761
[Phase 6] ep 2  eps=0.33  final F1=0.769
[Phase 6] ep 3  eps=0.25  final F1=0.756
[Phase 6] ep 4  eps=0.17  final F1=0.767
[Phase 6] ep 5  eps=0.08  final F1=0.767
[Phase 6] ep 6  eps=0.05  final F1=0.793
[Phase 6] greedy eval final F1 = 0.783
[Phase 6] done
--- phase6_rl_AL rc=0 90.5s ---
[Phase 7] auditing augmentation: baseline
  RandomForest  DPD=0.244  EOD=0.055  EqOdds=0.055  F1=0.801
  XGBoost       DPD=0.250  EOD=0.015  EqOdds=0.069  F1=0.819
  MLP           DPD=0.244  EOD=0.015  EqOdds=0.093  F1=0.788
[Phase 7] auditing augmentation: vae_aug
  RandomForest  DPD=0.244  EOD=0.030  EqOdds=0.058  F1=0.813
  XGBoost       DPD=0.246  EOD=0.008  EqOdds=0.085  F1=0.810
  MLP           DPD=0.240  EOD=0.004  EqOdds=0.085  F1=0.784
[Phase 7] auditing augmentation: diffusion_aug
  RandomForest  DPD=0.241  EOD=0.030  EqOdds=0.053  F1=0.815
  XGBoost       DPD=0.251  EOD=0.004  EqOdds=0.086  F1=0.820
  MLP           DPD=0.243  EOD=0.037  EqOdds=0.120  F1=0.773
[Phase 7] done
--- phase7_fairness_posthoc rc=0 22.7s ---
[Phase 8] training fair-MLP with lambda = 0.0
  ACC=0.863  F1=0.788  DPD=0.244  EOD=0.015
[Phase 8] training fair-MLP with lambda = 0.1
  ACC=0.855  F1=0.773  DPD=0.222  EOD=0.014
[Phase 8] training fair-MLP with lambda = 0.5
  ACC=0.863  F1=0.779  DPD=0.180  EOD=0.063
[Phase 8] training fair-MLP with lambda = 1.0
  ACC=0.838  F1=0.755  DPD=0.128  EOD=0.125
[Phase 8] training fair-MLP with lambda = 2.0
  ACC=0.807  F1=0.721  DPD=0.060  EOD=0.143
[Phase 8] training fair-MLP with lambda = 5.0
  ACC=0.856  F1=0.783  DPD=0.121  EOD=0.115
[Phase 8] training fair-MLP with lambda = 10.0
  ACC=0.854  F1=0.774  DPD=0.113  EOD=0.120
[Phase 8] done
--- phase8_fairness_inprocess rc=0 35.9s ---
Warning: You are sending unauthenticated requests to the HF Hub. Please set a HF_TOKEN to enable higher rate limits and faster downloads.
[Phase 9] generating synthetic comments ...
[Phase 9] encoding train comments with DistilBERT ...
Loading weights:   0%|          | 0/100 [00:00<?, ?it/s]Loading weights: 100%|██████████| 100/100 [00:00<00:00, 9607.84it/s]
[transformers] [1mDistilBertModel LOAD REPORT[0m from: distilbert-base-uncased
Key                     | Status     |  | 
------------------------+------------+--+-
vocab_projector.bias    | UNEXPECTED |  | 
vocab_layer_norm.bias   | UNEXPECTED |  | 
vocab_transform.weight  | UNEXPECTED |  | 
vocab_layer_norm.weight | UNEXPECTED |  | 
vocab_transform.bias    | UNEXPECTED |  | 

Notes:
- UNEXPECTED:	can be ignored when loading from different task/architecture; not ok if you expect identical arch.
  encoded 32/3318
  encoded 672/3318
  encoded 1312/3318
  encoded 1952/3318
  encoded 2592/3318
  encoded 3232/3318
[Phase 9] encoding test comments with DistilBERT ...
Loading weights:   0%|          | 0/100 [00:00<?, ?it/s]Loading weights: 100%|██████████| 100/100 [00:00<00:00, 8555.61it/s]
[transformers] [1mDistilBertModel LOAD REPORT[0m from: distilbert-base-uncased
Key                     | Status     |  | 
------------------------+------------+--+-
vocab_projector.bias    | UNEXPECTED |  | 
vocab_layer_norm.bias   | UNEXPECTED |  | 
vocab_transform.weight  | UNEXPECTED |  | 
vocab_layer_norm.weight | UNEXPECTED |  | 
vocab_transform.bias    | UNEXPECTED |  | 

Notes:
- UNEXPECTED:	can be ignored when loading from different task/architecture; not ok if you expect identical arch.
  encoded 32/1106
  encoded 672/1106
[Phase 9] multimodal shapes: tr=(3318, 281)  te=(1106, 281)
[Phase 9] training classifiers on multimodal features ...
  RandomForest     Acc=0.900  F1=0.837  AUC=0.958
  XGBoost          Acc=0.909  F1=0.857  AUC=0.963
  MLP              Acc=0.896  F1=0.835  AUC=0.958
[Phase 9] done
--- phase9_multimodal_bert rc=0 33.9s ---
[Phase 10] master_comparison.csv shape=(31, 17)
[Phase 10] experiment_summary.md written
--- phase10_master_comparison rc=0 2.8s ---
[Phase 3b] SMOTE augmented training set: (4504, 249) (added 1186 synthetic dropouts)
[Phase 3b] training classifiers on SMOTE-augmented data ...
  RandomForest     Acc=0.889  F1=0.818  AUC=0.938
  XGBoost          Acc=0.897  F1=0.831  AUC=0.933
  MLP              Acc=0.874  F1=0.799  AUC=0.921
[Phase 3b] done
--- phase3b_smote rc=0 14.4s ---
