[OULAD] n=32593  encoded train=(24444, 49) test=(8149, 49)
[OULAD] dropout rate train=0.312 test=0.312  | male-rate train=0.549
[OULAD] dropout by gender: F=0.305  M=0.317
--- prep_oulad rc=0 2.3s ---
[Phase 2] Train: (24444, 49)  Test: (8149, 49)
[Phase 2] Training Random Forest ...
[Phase 2] Training XGBoost ...
[Phase 2] Training MLP ...
[Phase 2] Baseline results:
  RandomForest     Acc=0.652  F1=0.358  AUC=0.606
  XGBoost          Acc=0.621  F1=0.489  AUC=0.655
  MLP              Acc=0.591  F1=0.477  AUC=0.636
--- phase2_baselines rc=0 30.1s ---
[Phase 3] Minority training set: (7617, 49)
[Phase 3] VAE final loss=87939.2  KL=23603.4
[Phase 3] Augmented training set: (33654, 49) (added 9210 synthetic dropouts)
[Phase 3] Training classifiers on VAE-augmented data ...
  RandomForest     Acc=0.656  F1=0.372  AUC=0.611
  XGBoost          Acc=0.704  F1=0.331  AUC=0.662
  MLP              Acc=0.644  F1=0.445  AUC=0.646
[Phase 3] done
--- phase3_vae rc=0 128.2s ---
[Phase 4] Training diffusion on minority: (7617, 49)
[Phase 4] final eps-MSE = 0.1428
[Phase 4] Augmented training set: (33654, 49)
[Phase 4] Training classifiers on diffusion-augmented data ...
  RandomForest     Acc=0.656  F1=0.357  AUC=0.609
  XGBoost          Acc=0.702  F1=0.325  AUC=0.659
  MLP              Acc=0.672  F1=0.382  AUC=0.638
[Phase 4] utility scores: {'mean_abs_diff_means': 0.03592483326792717, 'mean_abs_diff_stds': 0.2175569236278534} {'mean_abs_diff_means': 0.09068679064512253, 'mean_abs_diff_stds': 0.10544070601463318}
[Phase 4] done
--- phase4_diffusion rc=0 110.0s ---
[Phase 3b] SMOTE augmented training set: (33654, 49) (added 9210 synthetic dropouts)
[Phase 3b] training classifiers on SMOTE-augmented data ...
  RandomForest     Acc=0.630  F1=0.395  AUC=0.601
  XGBoost          Acc=0.638  F1=0.472  AUC=0.651
  MLP              Acc=0.586  F1=0.464  AUC=0.624
[Phase 3b] done
--- phase3b_smote rc=0 40.4s ---
[Phase 5] running UNCERTAINTY sampling ...
[Phase 5] running RANDOM sampling baseline ...
[Phase 5] uncertainty final F1 = 0.443  vs random final F1 = 0.465
--- phase5_uncertainty_AL rc=0 27.4s ---
[Phase 6] ep 1  eps=0.42  final F1=0.479
[Phase 6] ep 2  eps=0.33  final F1=0.473
[Phase 6] ep 3  eps=0.25  final F1=0.441
[Phase 6] ep 4  eps=0.17  final F1=0.420
[Phase 6] ep 5  eps=0.08  final F1=0.460
[Phase 6] ep 6  eps=0.05  final F1=0.460
[Phase 6] greedy eval final F1 = 0.454
[Phase 6] done
--- phase6_rl_AL rc=0 99.3s ---
[Phase 7] auditing augmentation: baseline
  RandomForest  DPD=0.014  EOD=0.016  EqOdds=0.016  F1=0.358
  XGBoost       DPD=0.010  EOD=0.030  EqOdds=0.030  F1=0.489
  MLP           DPD=0.030  EOD=0.008  EqOdds=0.032  F1=0.477
[Phase 7] auditing augmentation: vae_aug
  RandomForest  DPD=0.008  EOD=0.006  EqOdds=0.009  F1=0.372
  XGBoost       DPD=0.009  EOD=0.006  EqOdds=0.010  F1=0.331
  MLP           DPD=0.035  EOD=0.020  EqOdds=0.035  F1=0.445
[Phase 7] auditing augmentation: diffusion_aug
  RandomForest  DPD=0.020  EOD=0.012  EqOdds=0.019  F1=0.357
  XGBoost       DPD=0.017  EOD=0.001  EqOdds=0.018  F1=0.325
  MLP           DPD=0.008  EOD=0.027  EqOdds=0.027  F1=0.382
[Phase 7] done
--- phase7_fairness_posthoc rc=0 95.4s ---
[Phase 8] training fair-MLP with lambda = 0.0
  ACC=0.591  F1=0.477  DPD=0.030  EOD=0.008
[Phase 8] training fair-MLP with lambda = 0.1
  ACC=0.585  F1=0.476  DPD=0.013  EOD=0.019
[Phase 8] training fair-MLP with lambda = 0.5
  ACC=0.599  F1=0.480  DPD=0.002  EOD=0.032
[Phase 8] training fair-MLP with lambda = 1.0
  ACC=0.604  F1=0.482  DPD=0.006  EOD=0.032
[Phase 8] training fair-MLP with lambda = 2.0
  ACC=0.608  F1=0.482  DPD=0.025  EOD=0.012
[Phase 8] training fair-MLP with lambda = 5.0
  ACC=0.623  F1=0.487  DPD=0.011  EOD=0.037
[Phase 8] training fair-MLP with lambda = 10.0
  ACC=0.688  F1=0.000  DPD=0.000  EOD=0.000
[Phase 8] done
--- phase8_fairness_inprocess rc=0 199.4s ---
