[OULAD] n=32593  encoded train=(24444, 49) test=(8149, 49)
[OULAD] dropout rate train=0.312 test=0.312  | male-rate train=0.548
[OULAD] dropout by gender: F=0.305  M=0.317
--- prep_oulad rc=0 2.4s ---
[Phase 2] Train: (24444, 49)  Test: (8149, 49)
[Phase 2] Training Random Forest ...
[Phase 2] Training XGBoost ...
[Phase 2] Training MLP ...
[Phase 2] Baseline results:
  RandomForest     Acc=0.647  F1=0.348  AUC=0.607
  XGBoost          Acc=0.623  F1=0.492  AUC=0.658
  MLP              Acc=0.609  F1=0.475  AUC=0.634
--- phase2_baselines rc=0 30.0s ---
[Phase 3] Minority training set: (7617, 49)
[Phase 3] VAE final loss=87954.3  KL=23472.4
[Phase 3] Augmented training set: (33654, 49) (added 9210 synthetic dropouts)
[Phase 3] Training classifiers on VAE-augmented data ...
  RandomForest     Acc=0.652  F1=0.347  AUC=0.609
  XGBoost          Acc=0.697  F1=0.323  AUC=0.662
  MLP              Acc=0.674  F1=0.372  AUC=0.635
[Phase 3] done
--- phase3_vae rc=0 128.9s ---
[Phase 4] Training diffusion on minority: (7617, 49)
[Phase 4] final eps-MSE = 0.1397
[Phase 4] Augmented training set: (33654, 49)
[Phase 4] Training classifiers on diffusion-augmented data ...
  RandomForest     Acc=0.655  F1=0.345  AUC=0.607
  XGBoost          Acc=0.696  F1=0.313  AUC=0.664
  MLP              Acc=0.664  F1=0.382  AUC=0.637
[Phase 4] utility scores: {'mean_abs_diff_means': 0.01912863552570343, 'mean_abs_diff_stds': 0.2605041265487671} {'mean_abs_diff_means': 0.10624323785305023, 'mean_abs_diff_stds': 0.06768259406089783}
[Phase 4] done
--- phase4_diffusion rc=0 109.4s ---
[Phase 3b] SMOTE augmented training set: (33654, 49) (added 9210 synthetic dropouts)
[Phase 3b] training classifiers on SMOTE-augmented data ...
  RandomForest     Acc=0.634  F1=0.393  AUC=0.602
  XGBoost          Acc=0.642  F1=0.479  AUC=0.654
  MLP              Acc=0.614  F1=0.461  AUC=0.624
[Phase 3b] done
--- phase3b_smote rc=0 39.9s ---
[Phase 5] running UNCERTAINTY sampling ...
[Phase 5] running RANDOM sampling baseline ...
[Phase 5] uncertainty final F1 = 0.423  vs random final F1 = 0.464
--- phase5_uncertainty_AL rc=0 27.3s ---
[Phase 6] ep 1  eps=0.42  final F1=0.447
[Phase 6] ep 2  eps=0.33  final F1=0.444
[Phase 6] ep 3  eps=0.25  final F1=0.463
[Phase 6] ep 4  eps=0.17  final F1=0.485
[Phase 6] ep 5  eps=0.08  final F1=0.476
[Phase 6] ep 6  eps=0.05  final F1=0.456
[Phase 6] greedy eval final F1 = 0.487
[Phase 6] done
--- phase6_rl_AL rc=0 100.4s ---
[Phase 7] auditing augmentation: baseline
  RandomForest  DPD=0.022  EOD=0.028  EqOdds=0.028  F1=0.348
  XGBoost       DPD=0.022  EOD=0.000  EqOdds=0.028  F1=0.492
  MLP           DPD=0.073  EOD=0.062  EqOdds=0.075  F1=0.475
[Phase 7] auditing augmentation: vae_aug
  RandomForest  DPD=0.024  EOD=0.022  EqOdds=0.023  F1=0.347
  XGBoost       DPD=0.008  EOD=0.019  EqOdds=0.019  F1=0.323
  MLP           DPD=0.020  EOD=0.015  EqOdds=0.025  F1=0.372
[Phase 7] auditing augmentation: diffusion_aug
  RandomForest  DPD=0.024  EOD=0.033  EqOdds=0.033  F1=0.345
  XGBoost       DPD=0.007  EOD=0.004  EqOdds=0.006  F1=0.313
  MLP           DPD=0.028  EOD=0.043  EqOdds=0.043  F1=0.382
[Phase 7] done
--- phase7_fairness_posthoc rc=0 91.7s ---
[Phase 8] training fair-MLP with lambda = 0.0
  ACC=0.609  F1=0.475  DPD=0.073  EOD=0.062
[Phase 8] training fair-MLP with lambda = 0.1
  ACC=0.614  F1=0.465  DPD=0.060  EOD=0.045
[Phase 8] training fair-MLP with lambda = 0.5
  ACC=0.616  F1=0.480  DPD=0.037  EOD=0.026
[Phase 8] training fair-MLP with lambda = 1.0
  ACC=0.598  F1=0.474  DPD=0.009  EOD=0.009
[Phase 8] training fair-MLP with lambda = 2.0
  ACC=0.614  F1=0.486  DPD=0.056  EOD=0.044
[Phase 8] training fair-MLP with lambda = 5.0
  ACC=0.662  F1=0.461  DPD=0.032  EOD=0.025
[Phase 8] training fair-MLP with lambda = 10.0
  ACC=0.688  F1=0.000  DPD=0.000  EOD=0.000
[Phase 8] done
--- phase8_fairness_inprocess rc=0 200.1s ---
