[OULAD] n=32593  encoded train=(24444, 49) test=(8149, 49)
[OULAD] dropout rate train=0.312 test=0.312  | male-rate train=0.547
[OULAD] dropout by gender: F=0.305  M=0.317
--- prep_oulad rc=0 2.3s ---
[Phase 2] Train: (24444, 49)  Test: (8149, 49)
[Phase 2] Training Random Forest ...
[Phase 2] Training XGBoost ...
[Phase 2] Training MLP ...
[Phase 2] Baseline results:
  RandomForest     Acc=0.650  F1=0.356  AUC=0.602
  XGBoost          Acc=0.623  F1=0.487  AUC=0.659
  MLP              Acc=0.604  F1=0.476  AUC=0.640
--- phase2_baselines rc=0 30.1s ---
[Phase 3] Minority training set: (7617, 49)
[Phase 3] VAE final loss=87696.9  KL=24099.6
[Phase 3] Augmented training set: (33654, 49) (added 9210 synthetic dropouts)
[Phase 3] Training classifiers on VAE-augmented data ...
  RandomForest     Acc=0.661  F1=0.371  AUC=0.606
  XGBoost          Acc=0.700  F1=0.314  AUC=0.661
  MLP              Acc=0.656  F1=0.446  AUC=0.645
[Phase 3] done
--- phase3_vae rc=0 128.1s ---
[Phase 4] Training diffusion on minority: (7617, 49)
[Phase 4] final eps-MSE = 0.1376
[Phase 4] Augmented training set: (33654, 49)
[Phase 4] Training classifiers on diffusion-augmented data ...
  RandomForest     Acc=0.660  F1=0.357  AUC=0.607
  XGBoost          Acc=0.701  F1=0.311  AUC=0.660
  MLP              Acc=0.675  F1=0.350  AUC=0.638
[Phase 4] utility scores: {'mean_abs_diff_means': 0.018958400934934616, 'mean_abs_diff_stds': 0.1909133493900299} {'mean_abs_diff_means': 0.0165219996124506, 'mean_abs_diff_stds': 0.030566036701202393}
[Phase 4] done
--- phase4_diffusion rc=0 104.7s ---
[Phase 3b] SMOTE augmented training set: (33654, 49) (added 9210 synthetic dropouts)
[Phase 3b] training classifiers on SMOTE-augmented data ...
  RandomForest     Acc=0.634  F1=0.397  AUC=0.601
  XGBoost          Acc=0.641  F1=0.475  AUC=0.653
  MLP              Acc=0.616  F1=0.465  AUC=0.631
[Phase 3b] done
--- phase3b_smote rc=0 39.3s ---
[Phase 5] running UNCERTAINTY sampling ...
[Phase 5] running RANDOM sampling baseline ...
[Phase 5] uncertainty final F1 = 0.419  vs random final F1 = 0.461
--- phase5_uncertainty_AL rc=0 27.3s ---
[Phase 6] ep 1  eps=0.42  final F1=0.464
[Phase 6] ep 2  eps=0.33  final F1=0.471
[Phase 6] ep 3  eps=0.25  final F1=0.454
[Phase 6] ep 4  eps=0.17  final F1=0.434
[Phase 6] ep 5  eps=0.08  final F1=0.468
[Phase 6] ep 6  eps=0.05  final F1=0.457
[Phase 6] greedy eval final F1 = 0.464
[Phase 6] done
--- phase6_rl_AL rc=0 98.9s ---
[Phase 7] auditing augmentation: baseline
  RandomForest  DPD=0.022  EOD=0.045  EqOdds=0.045  F1=0.356
  XGBoost       DPD=0.040  EOD=0.007  EqOdds=0.055  F1=0.487
  MLP           DPD=0.022  EOD=0.036  EqOdds=0.049  F1=0.476
[Phase 7] auditing augmentation: vae_aug
  RandomForest  DPD=0.023  EOD=0.023  EqOdds=0.023  F1=0.371
  XGBoost       DPD=0.024  EOD=0.014  EqOdds=0.029  F1=0.314
  MLP           DPD=0.058  EOD=0.030  EqOdds=0.071  F1=0.446
[Phase 7] auditing augmentation: diffusion_aug
  RandomForest  DPD=0.025  EOD=0.025  EqOdds=0.026  F1=0.357
  XGBoost       DPD=0.029  EOD=0.021  EqOdds=0.033  F1=0.311
  MLP           DPD=0.008  EOD=0.014  EqOdds=0.018  F1=0.350
[Phase 7] done
--- phase7_fairness_posthoc rc=0 91.5s ---
[Phase 8] training fair-MLP with lambda = 0.0
  ACC=0.604  F1=0.476  DPD=0.022  EOD=0.036
[Phase 8] training fair-MLP with lambda = 0.1
  ACC=0.603  F1=0.477  DPD=0.023  EOD=0.059
[Phase 8] training fair-MLP with lambda = 0.5
  ACC=0.610  F1=0.485  DPD=0.053  EOD=0.096
[Phase 8] training fair-MLP with lambda = 1.0
  ACC=0.607  F1=0.469  DPD=0.055  EOD=0.084
[Phase 8] training fair-MLP with lambda = 2.0
  ACC=0.611  F1=0.477  DPD=0.027  EOD=0.004
[Phase 8] training fair-MLP with lambda = 5.0
  ACC=0.664  F1=0.457  DPD=0.009  EOD=0.031
[Phase 8] training fair-MLP with lambda = 10.0
  ACC=0.312  F1=0.475  DPD=0.000  EOD=0.000
[Phase 8] done
--- phase8_fairness_inprocess rc=0 194.6s ---
