[OULAD] n=32593  encoded train=(24444, 49) test=(8149, 49)
[OULAD] dropout rate train=0.312 test=0.312  | male-rate train=0.550
[OULAD] dropout by gender: F=0.305  M=0.317
--- prep_oulad rc=0 2.4s ---
[Phase 2] Train: (24444, 49)  Test: (8149, 49)
[Phase 2] Training Random Forest ...
[Phase 2] Training XGBoost ...
[Phase 2] Training MLP ...
[Phase 2] Baseline results:
  RandomForest     Acc=0.643  F1=0.342  AUC=0.600
  XGBoost          Acc=0.622  F1=0.487  AUC=0.654
  MLP              Acc=0.617  F1=0.465  AUC=0.635
--- phase2_baselines rc=0 31.3s ---
[Phase 3] Minority training set: (7617, 49)
[Phase 3] VAE final loss=87854.6  KL=24180.6
[Phase 3] Augmented training set: (33654, 49) (added 9210 synthetic dropouts)
[Phase 3] Training classifiers on VAE-augmented data ...
  RandomForest     Acc=0.652  F1=0.352  AUC=0.607
  XGBoost          Acc=0.697  F1=0.313  AUC=0.657
  MLP              Acc=0.656  F1=0.433  AUC=0.642
[Phase 3] done
--- phase3_vae rc=0 140.2s ---
[Phase 4] Training diffusion on minority: (7617, 49)
[Phase 4] final eps-MSE = 0.1438
[Phase 4] Augmented training set: (33654, 49)
[Phase 4] Training classifiers on diffusion-augmented data ...
  RandomForest     Acc=0.651  F1=0.342  AUC=0.605
  XGBoost          Acc=0.699  F1=0.308  AUC=0.657
  MLP              Acc=0.667  F1=0.386  AUC=0.633
[Phase 4] utility scores: {'mean_abs_diff_means': 0.0560971274971962, 'mean_abs_diff_stds': 0.24902251362800598} {'mean_abs_diff_means': 0.05627140402793884, 'mean_abs_diff_stds': 0.013013243675231934}
[Phase 4] done
--- phase4_diffusion rc=0 113.6s ---
[Phase 3b] SMOTE augmented training set: (33654, 49) (added 9210 synthetic dropouts)
[Phase 3b] training classifiers on SMOTE-augmented data ...
  RandomForest     Acc=0.628  F1=0.384  AUC=0.597
  XGBoost          Acc=0.633  F1=0.467  AUC=0.651
  MLP              Acc=0.603  F1=0.466  AUC=0.628
[Phase 3b] done
--- phase3b_smote rc=0 42.4s ---
[Phase 5] running UNCERTAINTY sampling ...
[Phase 5] running RANDOM sampling baseline ...
[Phase 5] uncertainty final F1 = 0.401  vs random final F1 = 0.464
--- phase5_uncertainty_AL rc=0 27.8s ---
[Phase 6] ep 1  eps=0.42  final F1=0.465
[Phase 6] ep 2  eps=0.33  final F1=0.481
[Phase 6] ep 3  eps=0.25  final F1=0.460
[Phase 6] ep 4  eps=0.17  final F1=0.463
[Phase 6] ep 5  eps=0.08  final F1=0.478
[Phase 6] ep 6  eps=0.05  final F1=0.474
[Phase 6] greedy eval final F1 = 0.468
[Phase 6] done
--- phase6_rl_AL rc=0 102.0s ---
[Phase 7] auditing augmentation: baseline
  RandomForest  DPD=0.006  EOD=0.010  EqOdds=0.010  F1=0.342
  XGBoost       DPD=0.021  EOD=0.020  EqOdds=0.020  F1=0.487
  MLP           DPD=0.061  EOD=0.032  EqOdds=0.072  F1=0.465
[Phase 7] auditing augmentation: vae_aug
  RandomForest  DPD=0.009  EOD=0.005  EqOdds=0.010  F1=0.352
  XGBoost       DPD=0.019  EOD=0.022  EqOdds=0.022  F1=0.313
  MLP           DPD=0.004  EOD=0.019  EqOdds=0.019  F1=0.433
[Phase 7] auditing augmentation: diffusion_aug
  RandomForest  DPD=0.016  EOD=0.011  EqOdds=0.017  F1=0.342
  XGBoost       DPD=0.016  EOD=0.020  EqOdds=0.020  F1=0.308
  MLP           DPD=0.051  EOD=0.064  EqOdds=0.064  F1=0.386
[Phase 7] done
--- phase7_fairness_posthoc rc=0 95.3s ---
[Phase 8] training fair-MLP with lambda = 0.0
  ACC=0.617  F1=0.465  DPD=0.061  EOD=0.032
[Phase 8] training fair-MLP with lambda = 0.1
  ACC=0.609  F1=0.468  DPD=0.029  EOD=0.013
[Phase 8] training fair-MLP with lambda = 0.5
  ACC=0.613  F1=0.470  DPD=0.040  EOD=0.063
[Phase 8] training fair-MLP with lambda = 1.0
  ACC=0.618  F1=0.472  DPD=0.055  EOD=0.098
[Phase 8] training fair-MLP with lambda = 2.0
  ACC=0.625  F1=0.474  DPD=0.009  EOD=0.037
[Phase 8] training fair-MLP with lambda = 5.0
  ACC=0.643  F1=0.482  DPD=0.023  EOD=0.049
[Phase 8] training fair-MLP with lambda = 10.0
  ACC=0.688  F1=0.000  DPD=0.000  EOD=0.000
[Phase 8] done
--- phase8_fairness_inprocess rc=0 202.0s ---
