[Phase 1] Loaded 4424 rows x 38 columns
[Phase 1] Encoded feature matrix: train=(3318, 250), test=(1106, 250)
[Phase 1] Train dropout rate: 0.321 | Test dropout rate: 0.321
[Phase 1] EDA & preprocessing complete
--- phase1_preprocessing rc=0 3.7s ---
[Phase 2] Train: (3318, 250)  Test: (1106, 250)
[Phase 2] Training Random Forest ...
[Phase 2] Training XGBoost ...
[Phase 2] Training MLP ...
[Phase 2] Baseline results:
  RandomForest     Acc=0.878  F1=0.793  AUC=0.919
  XGBoost          Acc=0.866  F1=0.787  AUC=0.920
  MLP              Acc=0.853  F1=0.776  AUC=0.905
--- phase2_baselines rc=0 11.7s ---
[Phase 3] Minority training set: (1066, 250)
[Phase 3] VAE final loss=23357.0  KL=8286.3
[Phase 3] Augmented training set: (4504, 250) (added 1186 synthetic dropouts)
[Phase 3] Training classifiers on VAE-augmented data ...
  RandomForest     Acc=0.867  F1=0.782  AUC=0.918
  XGBoost          Acc=0.867  F1=0.784  AUC=0.919
  MLP              Acc=0.833  F1=0.736  AUC=0.894
[Phase 3] done
--- phase3_vae rc=0 35.3s ---
[Phase 4] Training diffusion on minority: (1066, 250)
[Phase 4] final eps-MSE = 0.1674
[Phase 4] Augmented training set: (4504, 250)
[Phase 4] Training classifiers on diffusion-augmented data ...
  RandomForest     Acc=0.871  F1=0.785  AUC=0.913
  XGBoost          Acc=0.864  F1=0.775  AUC=0.916
  MLP              Acc=0.854  F1=0.775  AUC=0.911
[Phase 4] utility scores: {'mean_abs_diff_means': 0.04793599247932434, 'mean_abs_diff_stds': 0.2664296329021454} {'mean_abs_diff_means': 0.1898362785577774, 'mean_abs_diff_stds': 0.14820627868175507}
[Phase 4] done
--- phase4_diffusion rc=0 24.9s ---
[Phase 5] running UNCERTAINTY sampling ...
[Phase 5] running RANDOM sampling baseline ...
[Phase 5] uncertainty final F1 = 0.792  vs random final F1 = 0.738
--- phase5_uncertainty_AL rc=0 27.3s ---
[Phase 6] ep 1  eps=0.42  final F1=0.785
[Phase 6] ep 2  eps=0.33  final F1=0.749
[Phase 6] ep 3  eps=0.25  final F1=0.747
[Phase 6] ep 4  eps=0.17  final F1=0.776
[Phase 6] ep 5  eps=0.08  final F1=0.693
[Phase 6] ep 6  eps=0.05  final F1=0.767
[Phase 6] greedy eval final F1 = 0.775
[Phase 6] done
--- phase6_rl_AL rc=0 89.8s ---
[Phase 7] auditing augmentation: baseline
  RandomForest  DPD=0.183  EOD=0.076  EqOdds=0.087  F1=0.793
  XGBoost       DPD=0.182  EOD=0.022  EqOdds=0.113  F1=0.787
  MLP           DPD=0.230  EOD=0.119  EqOdds=0.138  F1=0.776
[Phase 7] auditing augmentation: vae_aug
  RandomForest  DPD=0.209  EOD=0.083  EqOdds=0.126  F1=0.782
  XGBoost       DPD=0.196  EOD=0.083  EqOdds=0.104  F1=0.784
  MLP           DPD=0.191  EOD=0.093  EqOdds=0.106  F1=0.736
[Phase 7] auditing augmentation: diffusion_aug
  RandomForest  DPD=0.197  EOD=0.065  EqOdds=0.116  F1=0.785
  XGBoost       DPD=0.189  EOD=0.088  EqOdds=0.094  F1=0.775
  MLP           DPD=0.163  EOD=0.057  EqOdds=0.067  F1=0.775
[Phase 7] done
--- phase7_fairness_posthoc rc=0 22.7s ---
[Phase 8] training fair-MLP with lambda = 0.0
  ACC=0.853  F1=0.776  DPD=0.230  EOD=0.119
[Phase 8] training fair-MLP with lambda = 0.1
  ACC=0.844  F1=0.762  DPD=0.191  EOD=0.090
[Phase 8] training fair-MLP with lambda = 0.5
  ACC=0.856  F1=0.772  DPD=0.131  EOD=0.001
[Phase 8] training fair-MLP with lambda = 1.0
  ACC=0.835  F1=0.750  DPD=0.059  EOD=0.091
[Phase 8] training fair-MLP with lambda = 2.0
  ACC=0.833  F1=0.752  DPD=0.001  EOD=0.123
[Phase 8] training fair-MLP with lambda = 5.0
  ACC=0.838  F1=0.762  DPD=0.028  EOD=0.196
[Phase 8] training fair-MLP with lambda = 10.0
  ACC=0.837  F1=0.753  DPD=0.002  EOD=0.135
[Phase 8] done
--- phase8_fairness_inprocess rc=0 35.9s ---
[Phase 9] generating synthetic comments ...
[Phase 9] encoding train comments with DistilBERT ...
Loading weights:   0%|          | 0/100 [00:00<?, ?it/s]Loading weights: 100%|██████████| 100/100 [00:00<00:00, 9535.54it/s]
[transformers] [1mDistilBertModel LOAD REPORT[0m from: distilbert-base-uncased
Key                     | Status     |  | 
------------------------+------------+--+-
vocab_transform.weight  | UNEXPECTED |  | 
vocab_layer_norm.bias   | UNEXPECTED |  | 
vocab_projector.bias    | UNEXPECTED |  | 
vocab_layer_norm.weight | UNEXPECTED |  | 
vocab_transform.bias    | UNEXPECTED |  | 

Notes:
- UNEXPECTED:	can be ignored when loading from different task/architecture; not ok if you expect identical arch.
Warning: You are sending unauthenticated requests to the HF Hub. Please set a HF_TOKEN to enable higher rate limits and faster downloads.
  encoded 32/3318
  encoded 672/3318
  encoded 1312/3318
  encoded 1952/3318
  encoded 2592/3318
  encoded 3232/3318
[Phase 9] encoding test comments with DistilBERT ...
Loading weights:   0%|          | 0/100 [00:00<?, ?it/s]Loading weights: 100%|██████████| 100/100 [00:00<00:00, 7433.15it/s]
[transformers] [1mDistilBertModel LOAD REPORT[0m from: distilbert-base-uncased
Key                     | Status     |  | 
------------------------+------------+--+-
vocab_transform.weight  | UNEXPECTED |  | 
vocab_layer_norm.bias   | UNEXPECTED |  | 
vocab_projector.bias    | UNEXPECTED |  | 
vocab_layer_norm.weight | UNEXPECTED |  | 
vocab_transform.bias    | UNEXPECTED |  | 

Notes:
- UNEXPECTED:	can be ignored when loading from different task/architecture; not ok if you expect identical arch.
  encoded 32/1106
  encoded 672/1106
[Phase 9] multimodal shapes: tr=(3318, 282)  te=(1106, 282)
[Phase 9] training classifiers on multimodal features ...
  RandomForest     Acc=0.900  F1=0.841  AUC=0.953
  XGBoost          Acc=0.894  F1=0.838  AUC=0.957
  MLP              Acc=0.891  F1=0.836  AUC=0.954
[Phase 9] done
--- phase9_multimodal_bert rc=0 34.3s ---
[Phase 10] master_comparison.csv shape=(31, 17)
[Phase 10] experiment_summary.md written
--- phase10_master_comparison rc=0 2.8s ---
[Phase 3b] SMOTE augmented training set: (4504, 250) (added 1186 synthetic dropouts)
[Phase 3b] training classifiers on SMOTE-augmented data ...
  RandomForest     Acc=0.874  F1=0.801  AUC=0.920
  XGBoost          Acc=0.864  F1=0.780  AUC=0.921
  MLP              Acc=0.836  F1=0.742  AUC=0.897
[Phase 3b] done
--- phase3b_smote rc=0 14.3s ---
