[Phase 1] Loaded 4424 rows x 38 columns
[Phase 1] Encoded feature matrix: train=(3318, 250), test=(1106, 250)
[Phase 1] Train dropout rate: 0.321 | Test dropout rate: 0.321
[Phase 1] EDA & preprocessing complete
--- phase1_preprocessing rc=0 3.6s ---
[Phase 2] Train: (3318, 250)  Test: (1106, 250)
[Phase 2] Training Random Forest ...
[Phase 2] Training XGBoost ...
[Phase 2] Training MLP ...
[Phase 2] Baseline results:
  RandomForest     Acc=0.862  F1=0.769  AUC=0.900
  XGBoost          Acc=0.859  F1=0.777  AUC=0.906
  MLP              Acc=0.844  F1=0.760  AUC=0.889
--- phase2_baselines rc=0 11.9s ---
[Phase 3] Minority training set: (1066, 250)
[Phase 3] VAE final loss=23459.6  KL=8050.6
[Phase 3] Augmented training set: (4504, 250) (added 1186 synthetic dropouts)
[Phase 3] Training classifiers on VAE-augmented data ...
  RandomForest     Acc=0.861  F1=0.772  AUC=0.901
  XGBoost          Acc=0.867  F1=0.783  AUC=0.908
  MLP              Acc=0.844  F1=0.753  AUC=0.888
[Phase 3] done
--- phase3_vae rc=0 34.8s ---
[Phase 4] Training diffusion on minority: (1066, 250)
[Phase 4] final eps-MSE = 0.1781
[Phase 4] Augmented training set: (4504, 250)
[Phase 4] Training classifiers on diffusion-augmented data ...
  RandomForest     Acc=0.854  F1=0.761  AUC=0.898
  XGBoost          Acc=0.859  F1=0.768  AUC=0.907
  MLP              Acc=0.845  F1=0.750  AUC=0.890
[Phase 4] utility scores: {'mean_abs_diff_means': 0.05816088244318962, 'mean_abs_diff_stds': 0.23122543096542358} {'mean_abs_diff_means': 0.27399584650993347, 'mean_abs_diff_stds': 0.14164283871650696}
[Phase 4] done
--- phase4_diffusion rc=0 24.5s ---
[Phase 5] running UNCERTAINTY sampling ...
[Phase 5] running RANDOM sampling baseline ...
[Phase 5] uncertainty final F1 = 0.787  vs random final F1 = 0.723
--- phase5_uncertainty_AL rc=0 27.3s ---
[Phase 6] ep 1  eps=0.42  final F1=0.738
[Phase 6] ep 2  eps=0.33  final F1=0.729
[Phase 6] ep 3  eps=0.25  final F1=0.713
[Phase 6] ep 4  eps=0.17  final F1=0.736
[Phase 6] ep 5  eps=0.08  final F1=0.774
[Phase 6] ep 6  eps=0.05  final F1=0.740
[Phase 6] greedy eval final F1 = 0.747
[Phase 6] done
--- phase6_rl_AL rc=0 89.4s ---
[Phase 7] auditing augmentation: baseline
  RandomForest  DPD=0.185  EOD=0.059  EqOdds=0.089  F1=0.769
  XGBoost       DPD=0.194  EOD=0.071  EqOdds=0.090  F1=0.777
  MLP           DPD=0.190  EOD=0.072  EqOdds=0.089  F1=0.760
[Phase 7] auditing augmentation: vae_aug
  RandomForest  DPD=0.192  EOD=0.079  EqOdds=0.087  F1=0.772
  XGBoost       DPD=0.187  EOD=0.046  EqOdds=0.093  F1=0.783
  MLP           DPD=0.176  EOD=0.034  EqOdds=0.093  F1=0.753
[Phase 7] auditing augmentation: diffusion_aug
  RandomForest  DPD=0.198  EOD=0.089  EqOdds=0.094  F1=0.761
  XGBoost       DPD=0.178  EOD=0.072  EqOdds=0.072  F1=0.768
  MLP           DPD=0.144  EOD=0.032  EqOdds=0.043  F1=0.750
[Phase 7] done
--- phase7_fairness_posthoc rc=0 22.5s ---
[Phase 8] training fair-MLP with lambda = 0.0
  ACC=0.844  F1=0.760  DPD=0.190  EOD=0.072
[Phase 8] training fair-MLP with lambda = 0.1
  ACC=0.842  F1=0.752  DPD=0.177  EOD=0.064
[Phase 8] training fair-MLP with lambda = 0.5
  ACC=0.839  F1=0.746  DPD=0.115  EOD=0.034
[Phase 8] training fair-MLP with lambda = 1.0
  ACC=0.842  F1=0.749  DPD=0.056  EOD=0.068
[Phase 8] training fair-MLP with lambda = 2.0
  ACC=0.826  F1=0.729  DPD=0.007  EOD=0.177
[Phase 8] training fair-MLP with lambda = 5.0
  ACC=0.848  F1=0.752  DPD=0.018  EOD=0.127
[Phase 8] training fair-MLP with lambda = 10.0
  ACC=0.799  F1=0.715  DPD=0.005  EOD=0.068
[Phase 8] done
--- phase8_fairness_inprocess rc=0 36.0s ---
Warning: You are sending unauthenticated requests to the HF Hub. Please set a HF_TOKEN to enable higher rate limits and faster downloads.
[Phase 9] generating synthetic comments ...
[Phase 9] encoding train comments with DistilBERT ...
Loading weights:   0%|          | 0/100 [00:00<?, ?it/s]Loading weights: 100%|██████████| 100/100 [00:00<00:00, 9491.09it/s]
[transformers] [1mDistilBertModel LOAD REPORT[0m from: distilbert-base-uncased
Key                     | Status     |  | 
------------------------+------------+--+-
vocab_transform.bias    | UNEXPECTED |  | 
vocab_transform.weight  | UNEXPECTED |  | 
vocab_layer_norm.bias   | UNEXPECTED |  | 
vocab_layer_norm.weight | UNEXPECTED |  | 
vocab_projector.bias    | UNEXPECTED |  | 

Notes:
- UNEXPECTED:	can be ignored when loading from different task/architecture; not ok if you expect identical arch.
  encoded 32/3318
  encoded 672/3318
  encoded 1312/3318
  encoded 1952/3318
  encoded 2592/3318
  encoded 3232/3318
[Phase 9] encoding test comments with DistilBERT ...
Loading weights:   0%|          | 0/100 [00:00<?, ?it/s]Loading weights: 100%|██████████| 100/100 [00:00<00:00, 7341.43it/s]
[transformers] [1mDistilBertModel LOAD REPORT[0m from: distilbert-base-uncased
Key                     | Status     |  | 
------------------------+------------+--+-
vocab_transform.bias    | UNEXPECTED |  | 
vocab_transform.weight  | UNEXPECTED |  | 
vocab_layer_norm.bias   | UNEXPECTED |  | 
vocab_layer_norm.weight | UNEXPECTED |  | 
vocab_projector.bias    | UNEXPECTED |  | 

Notes:
- UNEXPECTED:	can be ignored when loading from different task/architecture; not ok if you expect identical arch.
  encoded 32/1106
  encoded 672/1106
[Phase 9] multimodal shapes: tr=(3318, 282)  te=(1106, 282)
[Phase 9] training classifiers on multimodal features ...
  RandomForest     Acc=0.888  F1=0.817  AUC=0.946
  XGBoost          Acc=0.900  F1=0.843  AUC=0.954
  MLP              Acc=0.891  F1=0.825  AUC=0.951
[Phase 9] done
--- phase9_multimodal_bert rc=0 34.3s ---
[Phase 10] master_comparison.csv shape=(31, 17)
[Phase 10] experiment_summary.md written
--- phase10_master_comparison rc=0 2.8s ---
[Phase 3b] SMOTE augmented training set: (4504, 250) (added 1186 synthetic dropouts)
[Phase 3b] training classifiers on SMOTE-augmented data ...
  RandomForest     Acc=0.860  F1=0.778  AUC=0.898
  XGBoost          Acc=0.858  F1=0.770  AUC=0.906
  MLP              Acc=0.844  F1=0.752  AUC=0.887
[Phase 3b] done
--- phase3b_smote rc=0 14.3s ---
