[Phase 1] Loaded 4424 rows x 38 columns
[Phase 1] Encoded feature matrix: train=(3318, 252), test=(1106, 252)
[Phase 1] Train dropout rate: 0.321 | Test dropout rate: 0.321
[Phase 1] EDA & preprocessing complete
--- phase1_preprocessing rc=0 3.6s ---
[Phase 2] Train: (3318, 252)  Test: (1106, 252)
[Phase 2] Training Random Forest ...
[Phase 2] Training XGBoost ...
[Phase 2] Training MLP ...
[Phase 2] Baseline results:
  RandomForest     Acc=0.865  F1=0.771  AUC=0.904
  XGBoost          Acc=0.853  F1=0.767  AUC=0.909
  MLP              Acc=0.843  F1=0.757  AUC=0.891
--- phase2_baselines rc=0 11.7s ---
[Phase 3] Minority training set: (1066, 252)
[Phase 3] VAE final loss=23443.7  KL=8092.8
[Phase 3] Augmented training set: (4504, 252) (added 1186 synthetic dropouts)
[Phase 3] Training classifiers on VAE-augmented data ...
  RandomForest     Acc=0.863  F1=0.776  AUC=0.908
  XGBoost          Acc=0.862  F1=0.773  AUC=0.913
  MLP              Acc=0.839  F1=0.751  AUC=0.889
[Phase 3] done
--- phase3_vae rc=0 35.1s ---
[Phase 4] Training diffusion on minority: (1066, 252)
[Phase 4] final eps-MSE = 0.1577
[Phase 4] Augmented training set: (4504, 252)
[Phase 4] Training classifiers on diffusion-augmented data ...
  RandomForest     Acc=0.862  F1=0.772  AUC=0.902
  XGBoost          Acc=0.861  F1=0.770  AUC=0.911
  MLP              Acc=0.844  F1=0.769  AUC=0.895
[Phase 4] utility scores: {'mean_abs_diff_means': 0.05640538036823273, 'mean_abs_diff_stds': 0.28961822390556335} {'mean_abs_diff_means': 0.1832459717988968, 'mean_abs_diff_stds': 0.12046114355325699}
[Phase 4] done
--- phase4_diffusion rc=0 24.6s ---
[Phase 5] running UNCERTAINTY sampling ...
[Phase 5] running RANDOM sampling baseline ...
[Phase 5] uncertainty final F1 = 0.759  vs random final F1 = 0.734
--- phase5_uncertainty_AL rc=0 27.2s ---
[Phase 6] ep 1  eps=0.42  final F1=0.679
[Phase 6] ep 2  eps=0.33  final F1=0.720
[Phase 6] ep 3  eps=0.25  final F1=0.761
[Phase 6] ep 4  eps=0.17  final F1=0.763
[Phase 6] ep 5  eps=0.08  final F1=0.688
[Phase 6] ep 6  eps=0.05  final F1=0.752
[Phase 6] greedy eval final F1 = 0.756
[Phase 6] done
--- phase6_rl_AL rc=0 89.4s ---
[Phase 7] auditing augmentation: baseline
  RandomForest  DPD=0.187  EOD=0.046  EqOdds=0.093  F1=0.771
  XGBoost       DPD=0.224  EOD=0.072  EqOdds=0.135  F1=0.767
  MLP           DPD=0.191  EOD=0.073  EqOdds=0.085  F1=0.757
[Phase 7] auditing augmentation: vae_aug
  RandomForest  DPD=0.200  EOD=0.060  EqOdds=0.103  F1=0.776
  XGBoost       DPD=0.213  EOD=0.071  EqOdds=0.118  F1=0.773
  MLP           DPD=0.205  EOD=0.067  EqOdds=0.115  F1=0.751
[Phase 7] auditing augmentation: diffusion_aug
  RandomForest  DPD=0.187  EOD=0.037  EqOdds=0.096  F1=0.772
  XGBoost       DPD=0.200  EOD=0.053  EqOdds=0.109  F1=0.770
  MLP           DPD=0.222  EOD=0.082  EqOdds=0.124  F1=0.769
[Phase 7] done
--- phase7_fairness_posthoc rc=0 22.8s ---
[Phase 8] training fair-MLP with lambda = 0.0
  ACC=0.843  F1=0.757  DPD=0.191  EOD=0.073
[Phase 8] training fair-MLP with lambda = 0.1
  ACC=0.847  F1=0.762  DPD=0.166  EOD=0.039
[Phase 8] training fair-MLP with lambda = 0.5
  ACC=0.857  F1=0.770  DPD=0.162  EOD=0.021
[Phase 8] training fair-MLP with lambda = 1.0
  ACC=0.846  F1=0.754  DPD=0.117  EOD=0.048
[Phase 8] training fair-MLP with lambda = 2.0
  ACC=0.838  F1=0.754  DPD=0.077  EOD=0.079
[Phase 8] training fair-MLP with lambda = 5.0
  ACC=0.820  F1=0.730  DPD=0.019  EOD=0.108
[Phase 8] training fair-MLP with lambda = 10.0
  ACC=0.853  F1=0.750  DPD=0.069  EOD=0.096
[Phase 8] done
--- phase8_fairness_inprocess rc=0 36.0s ---
Warning: You are sending unauthenticated requests to the HF Hub. Please set a HF_TOKEN to enable higher rate limits and faster downloads.
[Phase 9] generating synthetic comments ...
[Phase 9] encoding train comments with DistilBERT ...
Loading weights:   0%|          | 0/100 [00:00<?, ?it/s]Loading weights: 100%|██████████| 100/100 [00:00<00:00, 9536.63it/s]
[transformers] [1mDistilBertModel LOAD REPORT[0m from: distilbert-base-uncased
Key                     | Status     |  | 
------------------------+------------+--+-
vocab_layer_norm.bias   | UNEXPECTED |  | 
vocab_layer_norm.weight | UNEXPECTED |  | 
vocab_transform.weight  | UNEXPECTED |  | 
vocab_transform.bias    | UNEXPECTED |  | 
vocab_projector.bias    | UNEXPECTED |  | 

Notes:
- UNEXPECTED:	can be ignored when loading from different task/architecture; not ok if you expect identical arch.
  encoded 32/3318
  encoded 672/3318
  encoded 1312/3318
  encoded 1952/3318
  encoded 2592/3318
  encoded 3232/3318
[Phase 9] encoding test comments with DistilBERT ...
Loading weights:   0%|          | 0/100 [00:00<?, ?it/s]Loading weights: 100%|██████████| 100/100 [00:00<00:00, 8759.67it/s]
[transformers] [1mDistilBertModel LOAD REPORT[0m from: distilbert-base-uncased
Key                     | Status     |  | 
------------------------+------------+--+-
vocab_layer_norm.bias   | UNEXPECTED |  | 
vocab_layer_norm.weight | UNEXPECTED |  | 
vocab_transform.weight  | UNEXPECTED |  | 
vocab_transform.bias    | UNEXPECTED |  | 
vocab_projector.bias    | UNEXPECTED |  | 

Notes:
- UNEXPECTED:	can be ignored when loading from different task/architecture; not ok if you expect identical arch.
  encoded 32/1106
  encoded 672/1106
[Phase 9] multimodal shapes: tr=(3318, 284)  te=(1106, 284)
[Phase 9] training classifiers on multimodal features ...
  RandomForest     Acc=0.892  F1=0.821  AUC=0.951
  XGBoost          Acc=0.904  F1=0.851  AUC=0.961
  MLP              Acc=0.896  F1=0.839  AUC=0.956
[Phase 9] done
--- phase9_multimodal_bert rc=0 34.0s ---
[Phase 10] master_comparison.csv shape=(31, 17)
[Phase 10] experiment_summary.md written
--- phase10_master_comparison rc=0 2.8s ---
[Phase 3b] SMOTE augmented training set: (4504, 252) (added 1186 synthetic dropouts)
[Phase 3b] training classifiers on SMOTE-augmented data ...
  RandomForest     Acc=0.863  F1=0.782  AUC=0.906
  XGBoost          Acc=0.857  F1=0.770  AUC=0.903
  MLP              Acc=0.833  F1=0.746  AUC=0.887
[Phase 3b] done
--- phase3b_smote rc=0 14.3s ---
